.venv\Scripts\python 
: test_create_subscri
ber (__main__.TestSub
scriberService.test_c
reate_subscriber)
строка:1 знак:1
+ 
.venv\Scripts\python 
tests/test_subscriber
_service.py -v > 
test_outpu ...
+ ~~~~~~~~~~~~~~~~~~~
~~~~~~~~~~~~~~~~~~~~~
~~~~~~~~~~~~~~~~~~~~~
~~~~~~~~
    + CategoryInfo   
           : NotSpe  
  cified: (test_cr   
 eate_sub...ate_s    
ubscriber):Strin    
g) [], RemoteExc    
eption
    + FullyQualified 
   ErrorId : Native  
  CommandError
 
Test Case 1: Create 
a new subscriber ... 
ERROR
test_delete_subscribe
r (__main__.TestSubsc
riberService.test_del
ete_subscriber)
Test Case 4: Delete 
subscriber ... ok
test_get_by_id (__mai
n__.TestSubscriberSer
vice.test_get_by_id)
Test Case 2: Get 
subscriber by ID ... 
ok
test_update_subscribe
r (__main__.TestSubsc
riberService.test_upd
ate_subscriber)
Test Case 3: Update 
subscriber info ... 
ok

=====================
=====================
=====================
=======
ERROR: test_create_su
bscriber (__main__.Te
stSubscriberService.t
est_create_subscriber
)
Test Case 1: Create 
a new subscriber
---------------------
---------------------
---------------------
-------
Traceback (most 
recent call last):
  File "C:\Users\PC\A
ppData\Local\Programs
\Python\Python313\Lib
\asyncio\runners.py",
 line 118, in run
    return self._loop
.run_until_complete(t
ask)
           ~~~~~~~~~~
~~~~~~~~~~~~~~~~~~~^^
^^^^
  File "C:\Users\PC\A
ppData\Local\Programs
\Python\Python313\Lib
\asyncio\base_events.
py", line 720, in 
run_until_complete
    return 
future.result()
           
~~~~~~~~~~~~~^^
  File "C:\Users\PC\A
ppData\Local\Programs
\Python\Python313\Lib
\unittest\mock.py", 
line 1441, in patched
    return await 
func(*newargs, 
**newkeywargs)
           ^^^^^^^^^^
^^^^^^^^^^^^^^^^^^^^^
^^^^
  File "D:\CW_MobileO
perator\tests\test_su
bscriber_service.py",
 line 22, in test_cre
ate_subscriber
    data = 
SubscriberCreate(
        ric_number="1
23456789",
    ...<7 lines>...
        
monthly_cost=50.0
    )
  File "D:\CW_MobileO
perator\.venv\Lib\sit
e-packages\pydantic\m
ain.py", line 250, 
in __init__
    validated_self = 
self.__pydantic_valid
ator__.validate_pytho
n(data, 
self_instance=self)
pydantic_core._pydant
ic_core.ValidationErr
or: 1 validation 
error for 
SubscriberCreate
ric_number
  String should have 
at least 10 
characters [type=stri
ng_too_short, input_v
alue='123456789', 
input_type=str]
    For further 
information visit htt
ps://errors.pydantic.
dev/2.12/v/string_too
_short

---------------------
---------------------
---------------------
-------
Ran 4 tests in 0.037s

FAILED (errors=1)
